// Jest Snapshot v1, https://goo.gl/fbAQLP

exports[`ProductTitle should render the component with a custom title 1`] = `
<span
  className="productDescription + custom-class"
>
  Custom Product
</span>
`;

exports[`ProductTitle should show the component with the product name 1`] = `
<div
  className="productCard + undefined"
>
  <span
    className="productDescription + undefined"
  >
    Coffee mug 1 - Without image
  </span>
</div>
`;
